mother+type=gender+subtype=female
father+type=gender+subtype=male
brother+type=gender+subtype=male
brothers+type=gender+subtype=male
sister+type=gender+subtype=female
sisters+type=gender+subtype=female
son+type=gender+subtype=male
sons+type=gender+subtype=male
daughter+type=gender+subtype=female
daughters+type=gender+subtype=female
nephew+type=gender+subtype=male
nephews+type=gender+subtype=male
niece+type=gender+subtype=female
nieces+type=gender+subtype=female
stepson+type=gender+subtype=male
stepsons+type=gender+subtype=male
stepdaughter+type=gender+subtype=female
stepdaughters+type=gender+subtype=female
stepmother+type=gender+subtype=female
stepfather+type=gender+subtype=male
husband+type=gender+subtype=male
wife+type=gender+subtype=female
uncle+type=gender+subtype=male
uncles+type=gender+subtype=male
aunt+type=gender+subtype=female
aunts+type=gender+subtype=female
auntie+type=gender+subtype=female
grandfather+type=gender+subtype=male
grandmother+type=gender+subtype=female
boyfriend+type=gender+subtype=male
girlfriend+type=gender+subtype=female
junior+type=gender+subtype=male
senior+type=gender+subtype=male


